client/src/lib/notifications.ts(146,7): error TS2322: Type 'Uint8Array<ArrayBufferLike>' is not assignable to type 'string | BufferSource | null | undefined'.
  Type 'Uint8Array<ArrayBufferLike>' is not assignable to type 'ArrayBufferView<ArrayBuffer>'.
    Types of property 'buffer' are incompatible.
      Type 'ArrayBufferLike' is not assignable to type 'ArrayBuffer'.
        Type 'SharedArrayBuffer' is missing the following properties from type 'ArrayBuffer': resizable, resize, detached, transfer, transferToFixedLength
client/src/lib/notifications.ts(217,7): error TS2353: Object literal may only specify known properties, and 'vibrate' does not exist in type 'NotificationOptions'.
client/src/pages/admin/AdminLiveChat.tsx(31,52): error TS2339: Property 'query' does not exist on type 'DecoratedQuery<{ input: void; output: { id: number; userId: number; userName: string | null; userEmail: string | null; assignedToAgentId: number | null; subject: string | null; startedAt: Date; }[]; transformer: true; errorShape: DefaultErrorShape; }>'.
client/src/pages/admin/AdminLiveChat.tsx(40,36): error TS2339: Property 'query' does not exist on type 'DecoratedQuery<{ input: { sessionId: number; }; output: { id: number; userId: number; assignedToAgentId: number | null; status: string; subject: string | null; startedAt: Date; closedAt: Date | null; rating: number | null; feedbackComment: string | null; } | null; transformer: true; errorShape: DefaultErrorShape; }>'.
client/src/pages/admin/AdminLiveChat.tsx(51,37): error TS2339: Property 'query' does not exist on type 'DecoratedQuery<{ input: { sessionId: number; }; output: { id: number; sessionId: number; senderId: number; senderName: string | null; message: string; isFromAgent: boolean | null; status: "sent" | "delivered" | "read"; attachmentUrl: string | null; createdAt: Date; readAt: Date | null; }[]; transformer: true; errorS...'.
client/src/pages/admin/AdminLiveChat.tsx(60,53): error TS2339: Property 'query' does not exist on type 'DecoratedQuery<{ input: void; output: { id: number; category: string; shortcut: string | null; title: string; message: string; isActive: boolean | null; createdBy: number | null; createdAt: Date; updatedAt: Date; }[]; transformer: true; errorShape: DefaultErrorShape; }>'.
client/src/pages/admin/AdminLiveChat.tsx(66,42): error TS2339: Property 'mutate' does not exist on type 'DecoratedMutation<{ input: { sessionId: number; }; output: { success: boolean; data: void; }; transformer: true; errorShape: DefaultErrorShape; }>'.
client/src/pages/admin/AdminLiveChat.tsx(72,9): error TS2353: Object literal may only specify known properties, and 'title' does not exist in type 'ReactElement<unknown, string | JSXElementConstructor<any>> | Iterable<ReactNode> | ReactPortal | Promise<...> | (() => ReactNode)'.
client/src/pages/admin/AdminLiveChat.tsx(82,40): error TS2339: Property 'mutate' does not exist on type 'DecoratedMutation<{ input: { sessionId: number; message: string; isFromAgent?: boolean | undefined; }; output: { success: boolean; data: { message: string; id: number; createdAt: Date; status: "sent" | "delivered" | "read"; ... 4 more ...; senderId: number; }; }; transformer: true; errorShape: DefaultErrorShape; }>'.
client/src/pages/admin/AdminLiveChat.tsx(93,9): error TS2353: Object literal may only specify known properties, and 'title' does not exist in type 'ReactElement<unknown, string | JSXElementConstructor<any>> | Iterable<ReactNode> | ReactPortal | Promise<...> | (() => ReactNode)'.
client/src/pages/admin/AdminLiveChat.tsx(103,41): error TS2339: Property 'mutate' does not exist on type 'DecoratedMutation<{ input: { sessionId: number; rating?: number | undefined; feedbackComment?: string | undefined; }; output: { success: boolean; data: void; }; transformer: true; errorShape: DefaultErrorShape; }>'.
client/src/pages/admin/AdminLiveChat.tsx(109,9): error TS2353: Object literal may only specify known properties, and 'title' does not exist in type 'ReactElement<unknown, string | JSXElementConstructor<any>> | Iterable<ReactNode> | ReactPortal | Promise<...> | (() => ReactNode)'.
client/src/pages/admin/AdminLiveChat.tsx(161,31): error TS7006: Parameter 'session' implicitly has an 'any' type.
client/src/pages/admin/AdminLiveChat.tsx(255,35): error TS7006: Parameter 'msg' implicitly has an 'any' type.
client/src/pages/admin/AdminLiveChat.tsx(312,52): error TS7006: Parameter 'response' implicitly has an 'any' type.
client/src/pages/admin/Collections.tsx(51,60): error TS2339: Property 'query' does not exist on type 'DecoratedQuery<{ input: void; output: { success: boolean; data: { id: number; loanApplicationId: number; trackingNumber: string | null; userId: number; userName: string | null; userEmail: string | null; ... 5 more ...; assignedCollectorId: number | null; }[]; }; transformer: true; errorShape: DefaultErrorShape; }>'.
client/src/pages/admin/Collections.tsx(59,49): error TS2339: Property 'query' does not exist on type 'DecoratedQuery<{ input: { delinquencyRecordId: number; }; output: { success: boolean; data: { id: number; delinquencyRecordId: number; actionType: string; actionDate: Date; performedBy: number | null; outcome: string | null; notes: string | null; nextActionDate: Date | null; }[]; }; transformer: true; errorShape: De...'.
client/src/pages/admin/Collections.tsx(68,54): error TS2339: Property 'mutate' does not exist on type 'DecoratedMutation<{ input: { delinquencyRecordId: number; actionType: string; outcome?: string | undefined; notes?: string | undefined; nextActionDate?: string | undefined; }; output: { success: boolean; data: { ...; }; }; transformer: true; errorShape: DefaultErrorShape; }>'.
client/src/pages/admin/Collections.tsx(97,50): error TS2339: Property 'mutate' does not exist on type 'DecoratedMutation<{ input: { delinquencyRecordId: number; promiseDate: Date; promiseAmount: number; }; output: { success: boolean; data: { id: number; loanApplicationId: number; userId: number; status: "current" | ... 5 more ... | "in_settlement"; ... 14 more ...; updatedAt: Date; }; }; transformer: true; errorShape...'.
client/src/pages/admin/Collections.tsx(174,41): error TS7006: Parameter 'd' implicitly has an 'any' type.
client/src/pages/admin/Collections.tsx(186,41): error TS7006: Parameter 'd' implicitly has an 'any' type.
client/src/pages/admin/Collections.tsx(198,41): error TS7006: Parameter 'd' implicitly has an 'any' type.
client/src/pages/admin/Collections.tsx(223,34): error TS7006: Parameter 'record' implicitly has an 'any' type.
client/src/pages/admin/Collections.tsx(378,35): error TS7006: Parameter 'action' implicitly has an 'any' type.
client/src/pages/admin/FraudDetection.tsx(36,58): error TS2339: Property 'query' does not exist on type 'DecoratedQuery<{ input: void; output: { success: boolean; data: { id: number; userId: number | null; loanApplicationId: number | null; sessionId: string | null; deviceFingerprint: string | null; ipAddress: string; ... 11 more ...; createdAt: Date; }[]; }; transformer: true; errorShape: DefaultErrorShape; }>'.
client/src/pages/admin/FraudDetection.tsx(42,51): error TS2339: Property 'mutate' does not exist on type 'DecoratedMutation<{ input: { fraudCheckId: number; reviewNotes: string; approved: boolean; }; output: { success: boolean; data: void; }; transformer: true; errorShape: DefaultErrorShape; }>'.
client/src/pages/admin/FraudDetection.tsx(148,39): error TS7006: Parameter 'c' implicitly has an 'any' type.
client/src/pages/admin/FraudDetection.tsx(160,39): error TS7006: Parameter 'c' implicitly has an 'any' type.
client/src/pages/admin/FraudDetection.tsx(172,39): error TS7006: Parameter 'c' implicitly has an 'any' type.
client/src/pages/admin/FraudDetection.tsx(184,39): error TS7006: Parameter 'c' implicitly has an 'any' type.
client/src/pages/admin/FraudDetection.tsx(208,32): error TS7006: Parameter 'check' implicitly has an 'any' type.
client/src/pages/admin/MarketingCampaigns.tsx(46,48): error TS2339: Property 'query' does not exist on type 'DecoratedQuery<{ input: void; output: { success: boolean; data: { id: number; campaignName: string; source: string | null; medium: string | null; campaignCode: string | null; startDate: Date | null; ... 4 more ...; createdAt: Date; }[]; }; transformer: true; errorShape: DefaultErrorShape; }>'.
client/src/pages/admin/MarketingCampaigns.tsx(52,58): error TS2339: Property 'query' does not exist on type 'DecoratedQuery<{ input: { campaignId?: number | undefined; }; output: { success: boolean; data: { totalUsers: number; totalApplications: number; totalApproved: number; conversionRate: number; } | null; }; transformer: true; errorShape: DefaultErrorShape; }>'.
client/src/pages/admin/MarketingCampaigns.tsx(58,44): error TS2339: Property 'mutate' does not exist on type 'DecoratedMutation<{ input: { campaignName: string; utmSource: string; utmMedium: string; utmCampaign: string; utmTerm?: string | undefined; utmContent?: string | undefined; startDate?: string | undefined; endDate?: string | undefined; budget?: number | undefined; }; output: { ...; }; transformer: true; errorShape: D...'.
client/src/pages/admin/MarketingCampaigns.tsx(154,40): error TS7006: Parameter 'sum' implicitly has an 'any' type.
client/src/pages/admin/MarketingCampaigns.tsx(154,45): error TS7006: Parameter 'p' implicitly has an 'any' type.
client/src/pages/admin/MarketingCampaigns.tsx(166,40): error TS7006: Parameter 'sum' implicitly has an 'any' type.
client/src/pages/admin/MarketingCampaigns.tsx(166,45): error TS7006: Parameter 'p' implicitly has an 'any' type.
client/src/pages/admin/MarketingCampaigns.tsx(178,40): error TS7006: Parameter 'sum' implicitly has an 'any' type.
client/src/pages/admin/MarketingCampaigns.tsx(178,45): error TS7006: Parameter 'p' implicitly has an 'any' type.
client/src/pages/admin/MarketingCampaigns.tsx(359,30): error TS7006: Parameter 'campaign' implicitly has an 'any' type.
client/src/pages/admin/MarketingCampaigns.tsx(360,49): error TS7006: Parameter 'p' implicitly has an 'any' type.
client/src/pages/AdminApplicationDetail.tsx(51,7): error TS2769: No overload matches this call.
  Overload 1 of 2, '(input: { applicationId: number; } | typeof skipToken, opts: DefinedUseTRPCQueryOptions<{ canDecrypt: boolean; password: string | null; hasPassword: boolean; bankName: string | null; bankUsername: string | null; }, { ...; }, TRPCClientErrorLike<...>, { ...; }>): DefinedUseTRPCQueryResult<...>', gave the following error.
    Type 'number | null' is not assignable to type 'number'.
      Type 'null' is not assignable to type 'number'.
  Overload 2 of 2, '(input: { applicationId: number; } | typeof skipToken, opts?: UseTRPCQueryOptions<{ canDecrypt: boolean; password: string | null; hasPassword: boolean; bankName: string | null; bankUsername: string | null; }, { ...; }, TRPCClientErrorLike<...>, { ...; }> | undefined): UseTRPCQueryResult<...>', gave the following error.
    Type 'number | null' is not assignable to type 'number'.
      Type 'null' is not assignable to type 'number'.
client/src/pages/CoSigners.tsx(40,31): error TS2339: Property 'getUserApplications' does not exist on type 'DecorateRouterRecord<{ ctx: TrpcContext; meta: object; errorShape: DefaultErrorShape; transformer: true; }, DecorateCreateRouterOptions<{ checkDuplicate: QueryProcedure<{ input: { dateOfBirth: string; ssn: string; }; output: DuplicateCheckResponse; meta: object; }>; ... 21 more ...; requestExtension: MutationProcedu...'.
client/src/pages/CoSigners.tsx(46,50): error TS2339: Property 'query' does not exist on type 'DecoratedQuery<{ input: void; output: { success: boolean; data: { id: number; loanApplicationId: number; primaryBorrowerId: number; coSignerEmail: string; coSignerName: string | null; coSignerUserId: number | null; ... 7 more ...; releasedBy: number | null; }[]; }; transformer: true; errorShape: DefaultErrorShape; }>'.
client/src/pages/CoSigners.tsx(52,44): error TS2339: Property 'mutate' does not exist on type 'DecoratedMutation<{ input: { loanApplicationId: number; coSignerEmail: string; coSignerName: string; liabilitySplit?: number | undefined; }; output: { success: boolean; data: { id: number; status: "invited" | "accepted" | "declined" | "released"; ... 11 more ...; releasedBy: number | null; }; }; transformer: true; e...'.
client/src/pages/CoSigners.tsx(80,46): error TS2339: Property 'mutate' does not exist on type 'DecoratedMutation<{ input: { invitationId: number; }; output: { success: boolean; }; transformer: true; errorShape: DefaultErrorShape; }>'.
client/src/pages/CoSigners.tsx(133,38): error TS7006: Parameter 'loan' implicitly has an 'any' type.
client/src/pages/CoSigners.tsx(203,45): error TS7006: Parameter 'loan' implicitly has an 'any' type.
client/src/pages/CoSigners.tsx(293,33): error TS7006: Parameter 'invitation' implicitly has an 'any' type.
client/src/pages/ESignatures.tsx(43,31): error TS2339: Property 'getUserApplications' does not exist on type 'DecorateRouterRecord<{ ctx: TrpcContext; meta: object; errorShape: DefaultErrorShape; transformer: true; }, DecorateCreateRouterOptions<{ checkDuplicate: QueryProcedure<{ input: { dateOfBirth: string; ssn: string; }; output: DuplicateCheckResponse; meta: object; }>; ... 21 more ...; requestExtension: MutationProcedu...'.
client/src/pages/ESignatures.tsx(49,53): error TS2339: Property 'query' does not exist on type 'DecoratedQuery<{ input: void; output: { success: boolean; data: { id: number; loanApplicationId: number; userId: number; documentType: string; documentTitle: string; documentPath: string; providerDocumentId: string | null; ... 10 more ...; createdAt: Date; }[]; }; transformer: true; errorShape: DefaultErrorShape; }>'.
client/src/pages/ESignatures.tsx(55,47): error TS2339: Property 'mutate' does not exist on type 'DecoratedMutation<{ input: { loanApplicationId: number; documentType: string; documentTitle: string; documentPath: string; }; output: { success: boolean; data: { id: number; createdAt: Date; userId: number; ... 14 more ...; auditTrail: string | null; }; }; transformer: true; errorShape: DefaultErrorShape; }>'.
client/src/pages/ESignatures.tsx(74,9): error TS2353: Object literal may only specify known properties, and 'title' does not exist in type 'ReactElement<unknown, string | JSXElementConstructor<any>> | Iterable<ReactNode> | ReactPortal | Promise<...> | (() => ReactNode)'.
client/src/pages/ESignatures.tsx(80,9): error TS2353: Object literal may only specify known properties, and 'title' does not exist in type 'ReactElement<unknown, string | JSXElementConstructor<any>> | Iterable<ReactNode> | ReactPortal | Promise<...> | (() => ReactNode)'.
client/src/pages/ESignatures.tsx(137,38): error TS7006: Parameter 'loan' implicitly has an 'any' type.
client/src/pages/ESignatures.tsx(223,45): error TS7006: Parameter 'loan' implicitly has an 'any' type.
client/src/pages/ESignatures.tsx(328,31): error TS7006: Parameter 'doc' implicitly has an 'any' type.
client/src/pages/LiveChat.tsx(21,53): error TS2339: Property 'query' does not exist on type 'DecoratedQuery<{ input: void; output: { id: number; userId: number; status: string; subject: string | null; rating: number | null; feedbackComment: string | null; assignedToAgentId: number | null; startedAt: Date; closedAt: Date | null; }; transformer: true; errorShape: DefaultErrorShape; }>'.
client/src/pages/LiveChat.tsx(29,43): error TS2339: Property 'query' does not exist on type 'DecoratedQuery<{ input: { sessionId: number; }; output: { id: number; sessionId: number; senderId: number; senderName: string | null; message: string; isFromAgent: boolean | null; status: "sent" | "delivered" | "read"; attachmentUrl: string | null; createdAt: Date; readAt: Date | null; }[]; transformer: true; errorS...'.
client/src/pages/LiveChat.tsx(38,40): error TS2339: Property 'mutate' does not exist on type 'DecoratedMutation<{ input: { sessionId: number; message: string; isFromAgent?: boolean | undefined; }; output: { success: boolean; data: { message: string; id: number; createdAt: Date; status: "sent" | "delivered" | "read"; ... 4 more ...; senderId: number; }; }; transformer: true; errorShape: DefaultErrorShape; }>'.
client/src/pages/LiveChat.tsx(49,9): error TS2353: Object literal may only specify known properties, and 'title' does not exist in type 'ReactElement<unknown, string | JSXElementConstructor<any>> | Iterable<ReactNode> | ReactPortal | Promise<...> | (() => ReactNode)'.
client/src/pages/LiveChat.tsx(60,41): error TS2339: Property 'mutate' does not exist on type 'DecoratedMutation<{ input: { sessionId: number; rating?: number | undefined; feedbackComment?: string | undefined; }; output: { success: boolean; data: void; }; transformer: true; errorShape: DefaultErrorShape; }>'.
client/src/pages/LiveChat.tsx(65,9): error TS2353: Object literal may only specify known properties, and 'title' does not exist in type 'ReactElement<unknown, string | JSXElementConstructor<any>> | Iterable<ReactNode> | ReactPortal | Promise<...> | (() => ReactNode)'.
client/src/pages/LiveChat.tsx(148,29): error TS7006: Parameter 'msg' implicitly has an 'any' type.
client/src/pages/NotificationSettings.tsx(37,9): error TS2353: Object literal may only specify known properties, and 'title' does not exist in type 'ReactElement<unknown, string | JSXElementConstructor<any>> | Iterable<ReactNode> | ReactPortal | Promise<...> | (() => ReactNode)'.
client/src/pages/NotificationSettings.tsx(44,9): error TS2353: Object literal may only specify known properties, and 'title' does not exist in type 'ReactElement<unknown, string | JSXElementConstructor<any>> | Iterable<ReactNode> | ReactPortal | Promise<...> | (() => ReactNode)'.
client/src/pages/NotificationSettings.tsx(52,48): error TS2339: Property 'subscribe' does not exist on type 'DecorateRouterRecord<{ ctx: TrpcContext; meta: object; errorShape: DefaultErrorShape; transformer: true; }, DecorateCreateRouterOptions<{ getPreferences: QueryProcedure<{ input: void; output: { success: boolean; data: { ...; } | null; }; meta: object; }>; updatePreferences: MutationProcedure<...>; }>>'.
client/src/pages/NotificationSettings.tsx(55,9): error TS2353: Object literal may only specify known properties, and 'title' does not exist in type 'ReactElement<unknown, string | JSXElementConstructor<any>> | Iterable<ReactNode> | ReactPortal | Promise<...> | (() => ReactNode)'.
client/src/pages/NotificationSettings.tsx(61,15): error TS7006: Parameter 'error' implicitly has an 'any' type.
client/src/pages/NotificationSettings.tsx(63,9): error TS2353: Object literal may only specify known properties, and 'title' does not exist in type 'ReactElement<unknown, string | JSXElementConstructor<any>> | Iterable<ReactNode> | ReactPortal | Promise<...> | (() => ReactNode)'.
client/src/pages/NotificationSettings.tsx(71,50): error TS2339: Property 'unsubscribe' does not exist on type 'DecorateRouterRecord<{ ctx: TrpcContext; meta: object; errorShape: DefaultErrorShape; transformer: true; }, DecorateCreateRouterOptions<{ getPreferences: QueryProcedure<{ input: void; output: { success: boolean; data: { ...; } | null; }; meta: object; }>; updatePreferences: MutationProcedure<...>; }>>'.
client/src/pages/NotificationSettings.tsx(74,9): error TS2353: Object literal may only specify known properties, and 'title' does not exist in type 'ReactElement<unknown, string | JSXElementConstructor<any>> | Iterable<ReactNode> | ReactPortal | Promise<...> | (() => ReactNode)'.
client/src/pages/NotificationSettings.tsx(80,15): error TS7006: Parameter 'error' implicitly has an 'any' type.
client/src/pages/NotificationSettings.tsx(82,9): error TS2353: Object literal may only specify known properties, and 'title' does not exist in type 'ReactElement<unknown, string | JSXElementConstructor<any>> | Iterable<ReactNode> | ReactPortal | Promise<...> | (() => ReactNode)'.
client/src/pages/NotificationSettings.tsx(131,9): error TS2353: Object literal may only specify known properties, and 'title' does not exist in type 'ReactElement<unknown, string | JSXElementConstructor<any>> | Iterable<ReactNode> | ReactPortal | Promise<...> | (() => ReactNode)'.
client/src/pages/NotificationSettings.tsx(153,9): error TS2353: Object literal may only specify known properties, and 'title' does not exist in type 'ReactElement<unknown, string | JSXElementConstructor<any>> | Iterable<ReactNode> | ReactPortal | Promise<...> | (() => ReactNode)'.
client/src/pages/NotificationSettings.tsx(169,9): error TS2353: Object literal may only specify known properties, and 'title' does not exist in type 'ReactElement<unknown, string | JSXElementConstructor<any>> | Iterable<ReactNode> | ReactPortal | Promise<...> | (() => ReactNode)'.
client/src/pages/NotificationSettings.tsx(174,9): error TS2353: Object literal may only specify known properties, and 'title' does not exist in type 'ReactElement<unknown, string | JSXElementConstructor<any>> | Iterable<ReactNode> | ReactPortal | Promise<...> | (() => ReactNode)'.
client/src/pages/NotificationSettings.tsx(318,39): error TS2339: Property 'paymentReminders' does not exist on type '{ success: boolean; data: { disablePaymentReminders: boolean; disableEmailNotifications: boolean; } | null; }'.
client/src/pages/NotificationSettings.tsx(333,39): error TS2339: Property 'paymentConfirmations' does not exist on type '{ success: boolean; data: { disablePaymentReminders: boolean; disableEmailNotifications: boolean; } | null; }'.
client/src/pages/NotificationSettings.tsx(348,39): error TS2339: Property 'loanStatusUpdates' does not exist on type '{ success: boolean; data: { disablePaymentReminders: boolean; disableEmailNotifications: boolean; } | null; }'.
client/src/pages/NotificationSettings.tsx(363,39): error TS2339: Property 'documentNotifications' does not exist on type '{ success: boolean; data: { disablePaymentReminders: boolean; disableEmailNotifications: boolean; } | null; }'.
client/src/pages/NotificationSettings.tsx(378,39): error TS2339: Property 'promotionalNotifications' does not exist on type '{ success: boolean; data: { disablePaymentReminders: boolean; disableEmailNotifications: boolean; } | null; }'.
client/src/pages/NotificationSettings.tsx(418,39): error TS2339: Property 'emailEnabled' does not exist on type '{ success: boolean; data: { disablePaymentReminders: boolean; disableEmailNotifications: boolean; } | null; }'.
client/src/pages/NotificationSettings.tsx(433,39): error TS2339: Property 'emailDigest' does not exist on type '{ success: boolean; data: { disablePaymentReminders: boolean; disableEmailNotifications: boolean; } | null; }'.
client/src/pages/NotificationSettings.tsx(435,41): error TS2339: Property 'emailEnabled' does not exist on type '{ success: boolean; data: { disablePaymentReminders: boolean; disableEmailNotifications: boolean; } | null; }'.
client/src/pages/NotificationSettings.tsx(459,39): error TS2339: Property 'smsEnabled' does not exist on type '{ success: boolean; data: { disablePaymentReminders: boolean; disableEmailNotifications: boolean; } | null; }'.
client/src/pages/OTPLogin.tsx(166,57): error TS2339: Property 'useMutation' does not exist on type 'DecoratedQuery<{ input: { email: string; }; output: { exists: boolean; message: string; email?: undefined; hasPassword?: undefined; loginMethod?: undefined; name?: undefined; } | { exists: boolean; email: string | null; hasPassword: boolean; loginMethod: string | null; name: string | null; message: string; }; transf...'.
client/src/pages/OTPLogin.tsx(167,17): error TS7006: Parameter 'data' implicitly has an 'any' type.
client/src/pages/OTPLogin.tsx(174,15): error TS7006: Parameter 'error' implicitly has an 'any' type.
client/src/pages/OTPLogin.tsx(180,57): error TS2339: Property 'useMutation' does not exist on type 'DecoratedQuery<{ input: { phone: string; }; output: { exists: boolean; message: string; phone?: undefined; email?: undefined; name?: undefined; } | { exists: boolean; phone: any; email: any; name: any; message: string; }; transformer: true; errorShape: DefaultErrorShape; }>'.
client/src/pages/OTPLogin.tsx(181,17): error TS7006: Parameter 'data' implicitly has an 'any' type.
client/src/pages/OTPLogin.tsx(187,15): error TS7006: Parameter 'error' implicitly has an 'any' type.
client/src/pages/OTPLogin.tsx(193,53): error TS2339: Property 'useMutation' does not exist on type 'DecoratedQuery<{ input: { ssn: string; }; output: { exists: boolean; message: string; hasDuplicate?: undefined; } | { exists: boolean; message: string; hasDuplicate: boolean; }; transformer: true; errorShape: DefaultErrorShape; }>'.
client/src/pages/OTPLogin.tsx(194,17): error TS7006: Parameter 'data' implicitly has an 'any' type.
client/src/pages/OTPLogin.tsx(200,15): error TS7006: Parameter 'error' implicitly has an 'any' type.
client/src/pages/PaymentPage.tsx(211,36): error TS2322: Type '{ className: string; }' is not assignable to type 'IntrinsicAttributes'.
  Property 'className' does not exist on type 'IntrinsicAttributes'.
client/src/pages/PaymentPreferences.tsx(33,59): error TS2339: Property 'query' does not exist on type 'DecoratedQuery<{ input: { loanApplicationId?: number | undefined; }; output: { success: boolean; data: { id: number; userId: number; loanApplicationId: number | null; allocationStrategy: "standard" | "principal_first" | "future_payments" | "biweekly" | "round_up"; ... 6 more ...; updatedAt: Date; } | null; }; transf...'.
client/src/pages/PaymentPreferences.tsx(53,56): error TS2339: Property 'mutate' does not exist on type 'DecoratedMutation<{ input: { loanApplicationId?: number | undefined; allocationStrategy?: "standard" | "principal_first" | "future_payments" | "biweekly" | "round_up" | undefined; roundUpEnabled?: boolean | undefined; roundUpToNearest?: number | undefined; biweeklyEnabled?: boolean | undefined; autoExtraPaymentAmoun...'.
client/src/pages/PaymentPreferences.tsx(67,9): error TS2353: Object literal may only specify known properties, and 'title' does not exist in type 'ReactElement<unknown, string | JSXElementConstructor<any>> | Iterable<ReactNode> | ReactPortal | Promise<...> | (() => ReactNode)'.
client/src/pages/PaymentPreferences.tsx(73,9): error TS2353: Object literal may only specify known properties, and 'title' does not exist in type 'ReactElement<unknown, string | JSXElementConstructor<any>> | Iterable<ReactNode> | ReactPortal | Promise<...> | (() => ReactNode)'.
client/src/pages/Settings.tsx(179,42): error TS2339: Property 'getUserBankInfo' does not exist on type 'DecorateRouterRecord<{ ctx: TrpcContext; meta: object; errorShape: DefaultErrorShape; transformer: true; }, DecorateCreateRouterOptions<{ me: QueryProcedure<{ input: void; output: { id: number; openId: string; name: string | null; ... 26 more ...; lastSignedIn: Date; } | null; meta: object; }>; ... 28 more ...; isSu...'.
client/src/pages/Settings.tsx(183,39): error TS2339: Property 'getUserEmail' does not exist on type 'DecorateRouterRecord<{ ctx: TrpcContext; meta: object; errorShape: DefaultErrorShape; transformer: true; }, DecorateCreateRouterOptions<{ me: QueryProcedure<{ input: void; output: { id: number; openId: string; name: string | null; ... 26 more ...; lastSignedIn: Date; } | null; meta: object; }>; ... 28 more ...; isSu...'.
client/src/pages/Settings.tsx(376,44): error TS2322: Type 'string' is not assignable to type 'number'.
server/_core/database-backup.ts(56,30): error TS18047: 'db' is possibly 'null'.
server/_core/database-backup.ts(59,41): error TS18047: 'db' is possibly 'null'.
server/_core/database-backup.ts(62,33): error TS18047: 'db' is possibly 'null'.
server/_core/database-backup.ts(65,41): error TS18047: 'db' is possibly 'null'.
server/_core/database-backup.ts(68,38): error TS18047: 'db' is possibly 'null'.
server/_core/database-backup.ts(71,41): error TS18047: 'db' is possibly 'null'.
server/_core/database-backup.ts(74,39): error TS18047: 'db' is possibly 'null'.
server/_core/database-backup.ts(77,39): error TS18047: 'db' is possibly 'null'.
server/_core/database-backup.ts(80,42): error TS18047: 'db' is possibly 'null'.
server/_core/database-backup.ts(83,37): error TS18047: 'db' is possibly 'null'.
server/_core/database-backup.ts(86,42): error TS18047: 'db' is possibly 'null'.
server/_core/database-backup.ts(89,48): error TS18047: 'db' is possibly 'null'.
server/_core/database-backup.ts(92,33): error TS18047: 'db' is possibly 'null'.
server/_core/database-backup.ts(95,38): error TS18047: 'db' is possibly 'null'.
server/_core/database-backup.ts(98,41): error TS18047: 'db' is possibly 'null'.
server/_core/database-backup.ts(101,40): error TS18047: 'db' is possibly 'null'.
server/_core/database-backup.ts(104,40): error TS18047: 'db' is possibly 'null'.
server/_core/database-backup.ts(107,44): error TS18047: 'db' is possibly 'null'.
server/_core/database-backup.ts(110,41): error TS18047: 'db' is possibly 'null'.
server/_core/database-backup.ts(113,40): error TS18047: 'db' is possibly 'null'.
server/_core/database-backup.ts(116,43): error TS18047: 'db' is possibly 'null'.
server/_core/database-backup.ts(177,17): error TS18047: 'db' is possibly 'null'.
server/_core/database-backup.ts(189,17): error TS18047: 'db' is possibly 'null'.
server/_core/database-backup.ts(201,17): error TS18047: 'db' is possibly 'null'.
server/_core/database-backup.ts(213,17): error TS18047: 'db' is possibly 'null'.
server/_core/database-backup.ts(225,17): error TS18047: 'db' is possibly 'null'.
server/_core/database-backup.ts(237,17): error TS18047: 'db' is possibly 'null'.
server/_core/database-backup.ts(249,17): error TS18047: 'db' is possibly 'null'.
server/_core/database-backup.ts(261,17): error TS18047: 'db' is possibly 'null'.
server/_core/database-backup.ts(273,17): error TS18047: 'db' is possibly 'null'.
server/_core/database-backup.ts(285,17): error TS18047: 'db' is possibly 'null'.
server/_core/database-backup.ts(297,17): error TS18047: 'db' is possibly 'null'.
server/_core/database-backup.ts(321,19): error TS18047: 'db' is possibly 'null'.
server/_core/paymentNotifications.ts(411,19): error TS2339: Property 'loanNumber' does not exist on type '{ paymentId: number; loanApplicationId: number; installmentNumber: number; dueDate: Date; dueAmount: number; principalAmount: number; interestAmount: number; status: string; daysOverdue: number; ... 6 more ...; loanStatus: "pending" | ... 6 more ... | "cancelled"; }'.
server/_core/paymentNotifications.ts(412,19): error TS2339: Property 'amount' does not exist on type '{ paymentId: number; loanApplicationId: number; installmentNumber: number; dueDate: Date; dueAmount: number; principalAmount: number; interestAmount: number; status: string; daysOverdue: number; ... 6 more ...; loanStatus: "pending" | ... 6 more ... | "cancelled"; }'.
server/db.ts(4165,12): error TS2345: Argument of type '{ updatedAt: Date; userId: number; loanApplicationId?: number; allocationStrategy?: string; roundUpEnabled?: boolean; roundUpToNearest?: number; biweeklyEnabled?: boolean; autoExtraPaymentAmount?: number; autoExtraPaymentDay?: number; }' is not assignable to parameter of type '{ userId?: number | SQL<unknown> | PgColumn<ColumnBaseConfig<ColumnDataType, string>, {}, {}> | undefined; id?: number | SQL<unknown> | PgColumn<...> | undefined; ... 8 more ...; autoExtraPaymentDay?: number | ... 3 more ... | undefined; }'.
  Types of property 'allocationStrategy' are incompatible.
    Type 'string | undefined' is not assignable to type 'SQL<unknown> | PgColumn<ColumnBaseConfig<ColumnDataType, string>, {}, {}> | "standard" | "principal_first" | "future_payments" | "biweekly" | "round_up" | undefined'.
      Type 'string' is not assignable to type 'SQL<unknown> | PgColumn<ColumnBaseConfig<ColumnDataType, string>, {}, {}> | "standard" | "principal_first" | "future_payments" | "biweekly" | "round_up" | undefined'.
server/db.ts(4174,63): error TS2769: No overload matches this call.
  Overload 1 of 2, '(value: { userId: number | SQL<unknown> | Placeholder<string, any>; id?: number | SQL<unknown> | Placeholder<string, any> | undefined; createdAt?: Date | SQL<...> | Placeholder<...> | undefined; ... 7 more ...; autoExtraPaymentDay?: number | ... 3 more ... | undefined; }): PgInsertBase<...>', gave the following error.
    Argument of type '{ userId: number; loanApplicationId?: number | undefined; allocationStrategy?: string | undefined; roundUpEnabled?: boolean | undefined; roundUpToNearest?: number | undefined; biweeklyEnabled?: boolean | undefined; autoExtraPaymentAmount?: number | undefined; autoExtraPaymentDay?: number | undefined; }' is not assignable to parameter of type '{ userId: number | SQL<unknown> | Placeholder<string, any>; id?: number | SQL<unknown> | Placeholder<string, any> | undefined; createdAt?: Date | SQL<...> | Placeholder<...> | undefined; ... 7 more ...; autoExtraPaymentDay?: number | ... 3 more ... | undefined; }'.
      Types of property 'allocationStrategy' are incompatible.
        Type 'string | undefined' is not assignable to type 'SQL<unknown> | Placeholder<string, any> | "standard" | "principal_first" | "future_payments" | "biweekly" | "round_up" | undefined'.
          Type 'string' is not assignable to type 'SQL<unknown> | Placeholder<string, any> | "standard" | "principal_first" | "future_payments" | "biweekly" | "round_up" | undefined'.
  Overload 2 of 2, '(values: { userId: number | SQL<unknown> | Placeholder<string, any>; id?: number | SQL<unknown> | Placeholder<string, any> | undefined; createdAt?: Date | SQL<...> | Placeholder<...> | undefined; ... 7 more ...; autoExtraPaymentDay?: number | ... 3 more ... | undefined; }[]): PgInsertBase<...>', gave the following error.
    Argument of type '{ userId: number; loanApplicationId?: number | undefined; allocationStrategy?: string | undefined; roundUpEnabled?: boolean | undefined; roundUpToNearest?: number | undefined; biweeklyEnabled?: boolean | undefined; autoExtraPaymentAmount?: number | undefined; autoExtraPaymentDay?: number | undefined; }' is not assignable to parameter of type '{ userId: number | SQL<unknown> | Placeholder<string, any>; id?: number | SQL<unknown> | Placeholder<string, any> | undefined; createdAt?: Date | SQL<...> | Placeholder<...> | undefined; ... 7 more ...; autoExtraPaymentDay?: number | ... 3 more ... | undefined; }[]'.
      Type '{ userId: number; loanApplicationId?: number | undefined; allocationStrategy?: string | undefined; roundUpEnabled?: boolean | undefined; roundUpToNearest?: number | undefined; biweeklyEnabled?: boolean | undefined; autoExtraPaymentAmount?: number | undefined; autoExtraPaymentDay?: number | undefined; }' is missing the following properties from type '{ userId: number | SQL<unknown> | Placeholder<string, any>; id?: number | SQL<unknown> | Placeholder<string, any> | undefined; createdAt?: Date | SQL<...> | Placeholder<...> | undefined; ... 7 more ...; autoExtraPaymentDay?: number | ... 3 more ... | undefined; }[]': length, pop, push, concat, and 35 more.
server/db.ts(4769,6): error TS2769: No overload matches this call.
  Overload 1 of 2, '(value: { userId: number | SQL<unknown> | Placeholder<string, any>; preferenceType: SQL<unknown> | "promotions" | "sms" | Placeholder<string, any> | "email_updates" | "loan_updates"; id?: number | ... 2 more ... | undefined; createdAt?: Date | ... 2 more ... | undefined; updatedAt?: Date | ... 2 more ... | undefined; enabled?: boolean | ... 2 more ... | undefined; }): PgInsertBase<...>', gave the following error.
    Object literal may only specify known properties, and 'paymentReminders' does not exist in type '{ userId: number | SQL<unknown> | Placeholder<string, any>; preferenceType: SQL<unknown> | "promotions" | "sms" | Placeholder<string, any> | "email_updates" | "loan_updates"; id?: number | ... 2 more ... | undefined; createdAt?: Date | ... 2 more ... | undefined; updatedAt?: Date | ... 2 more ... | undefined; enable...'.
  Overload 2 of 2, '(values: { userId: number | SQL<unknown> | Placeholder<string, any>; preferenceType: SQL<unknown> | "promotions" | "sms" | Placeholder<string, any> | "email_updates" | "loan_updates"; id?: number | ... 2 more ... | undefined; createdAt?: Date | ... 2 more ... | undefined; updatedAt?: Date | ... 2 more ... | undefined; enabled?: boolean | ... 2 more ... | undefined; }[]): PgInsertBase<...>', gave the following error.
    Object literal may only specify known properties, and 'userId' does not exist in type '{ userId: number | SQL<unknown> | Placeholder<string, any>; preferenceType: SQL<unknown> | "promotions" | "sms" | Placeholder<string, any> | "email_updates" | "loan_updates"; id?: number | ... 2 more ... | undefined; createdAt?: Date | ... 2 more ... | undefined; updatedAt?: Date | ... 2 more ... | undefined; enable...'.
server/db.ts(4807,10): error TS2559: Type 'Partial<{ paymentReminders: boolean; paymentConfirmations: boolean; loanStatusUpdates: boolean; documentNotifications: boolean; promotionalNotifications: boolean; emailEnabled: boolean; smsEnabled: boolean; emailDigest: boolean; }>' has no properties in common with type '{ userId?: number | SQL<unknown> | PgColumn<ColumnBaseConfig<ColumnDataType, string>, {}, {}> | undefined; preferenceType?: SQL<unknown> | ... 5 more ... | undefined; id?: number | ... 2 more ... | undefined; createdAt?: Date | ... 2 more ... | undefined; updatedAt?: Date | ... 2 more ... | undefined; enabled?: bool...'.
server/db.ts(4867,7): error TS2353: Object literal may only specify known properties, and 'receiveEmailNotifications' does not exist in type '{ openId?: string | SQL<unknown> | PgColumn<ColumnBaseConfig<ColumnDataType, string>, {}, {}> | undefined; id?: number | SQL<unknown> | PgColumn<...> | undefined; ... 27 more ...; lastSignedIn?: Date | ... 2 more ... | undefined; }'.
server/routers.ts(1978,50): error TS2339: Property 'users' does not exist on type '{}'.
server/routers.ts(1979,21): error TS7006: Parameter 'fields' implicitly has an 'any' type.
server/routers.ts(2021,56): error TS2339: Property 'loanApplications' does not exist on type '{}'.
server/routers.ts(2022,21): error TS7006: Parameter 'fields' implicitly has an 'any' type.
